{
  "candidate_version": "v3.3_phase_calibrated_sharp_range",
  "scope": "male_only_ipl_and_t20i",
  "split": {
    "train_rows": 111601,
    "calibration_rows": 24726,
    "holdout_rows": 36408,
    "holdout_matches": 1011
  },
  "phase_temperatures": {
    "powerplay": 1.1427940997103672,
    "middle": 1.0487839447651477,
    "death": 1.0731289235038095
  },
  "direct_phase_interactions": false,
  "interaction_features": [],
  "calibration": {
    "raw_nll": 2.793352160186587,
    "phase_scaled_nll": 2.7915105798996445,
    "hit_rate": 0.294831351613686
  },
  "holdout": {
    "old_hit_rate": 0.2728246539222149,
    "new_hit_rate": 0.28103713469567126,
    "relative_improvement": 0.03010168126447194
  },
  "decision": "ACCEPT"
}
